/opt/homebrew/Cellar/python@3.13/3.13.3/Frameworks/Python.framework/Versions/3.13/Resources/Python.app/Contents/MacOS/Python: can't open file '/Users/akaihuangm1/Desktop/Extropic/test_comparison.py': [Errno 2] No such file or directory
